--- Sun Feb  8 06:04:52 2026 ---
Traceback (most recent call last):
  File "C:\Users\Echo\masterchief\venv\Lib\site-packages\diffusers\utils\import_utils.py", line 1016, in _get_module
    return importlib.import_module("." + module_name, self.__name__)
           ~~~~~~~~~~~~~~~~~~~~~~~^^^^^^^^^^^^^^^^^^^^^^^^^^^^^^^^^^
  File "C:\Users\Echo\AppData\Local\Python\pythoncore-3.14-64\Lib\importlib\__init__.py", line 88, in import_module
    return _bootstrap._gcd_import(name[level:], package, level)
           ~~~~~~~~~~~~~~~~~~~~~~^^^^^^^^^^^^^^^^^^^^^^^^^^^^^^
  File "<frozen importlib._bootstrap>", line 1398, in _gcd_import
  File "<frozen importlib._bootstrap>", line 1371, in _find_and_load
  File "<frozen importlib._bootstrap>", line 1342, in _find_and_load_unlocked
  File "<frozen importlib._bootstrap>", line 938, in _load_unlocked
  File "<frozen importlib._bootstrap_external>", line 759, in exec_module
  File "<frozen importlib._bootstrap>", line 491, in _call_with_frames_removed
  File "C:\Users\Echo\masterchief\venv\Lib\site-packages\diffusers\pipelines\stable_diffusion\pipeline_stable_diffusion.py", line 19, in <module>
    from transformers import CLIPImageProcessor, CLIPTextModel, CLIPTokenizer, CLIPVisionModelWithProjection
  File "<frozen importlib._bootstrap>", line 1423, in _handle_fromlist
  File "C:\Users\Echo\masterchief\venv\Lib\site-packages\transformers\utils\import_utils.py", line 2317, in __getattr__
    module = self._get_module(self._class_to_module[name])
  File "C:\Users\Echo\masterchief\venv\Lib\site-packages\transformers\utils\import_utils.py", line 2347, in _get_module
    raise e
  File "C:\Users\Echo\masterchief\venv\Lib\site-packages\transformers\utils\import_utils.py", line 2345, in _get_module
    return importlib.import_module("." + module_name, self.__name__)
           ~~~~~~~~~~~~~~~~~~~~~~~^^^^^^^^^^^^^^^^^^^^^^^^^^^^^^^^^^
  File "C:\Users\Echo\AppData\Local\Python\pythoncore-3.14-64\Lib\importlib\__init__.py", line 88, in import_module
    return _bootstrap._gcd_import(name[level:], package, level)
           ~~~~~~~~~~~~~~~~~~~~~~^^^^^^^^^^^^^^^^^^^^^^^^^^^^^^
  File "C:\Users\Echo\masterchief\venv\Lib\site-packages\transformers\models\clip\modeling_clip.py", line 25, in <module>
    from ...modeling_layers import GradientCheckpointingLayer
  File "C:\Users\Echo\masterchief\venv\Lib\site-packages\transformers\modeling_layers.py", line 27, in <module>
    from .models.auto import AutoModel
  File "<frozen importlib._bootstrap>", line 1423, in _handle_fromlist
  File "C:\Users\Echo\masterchief\venv\Lib\site-packages\transformers\utils\import_utils.py", line 2317, in __getattr__
    module = self._get_module(self._class_to_module[name])
  File "C:\Users\Echo\masterchief\venv\Lib\site-packages\transformers\utils\import_utils.py", line 2347, in _get_module
    raise e
  File "C:\Users\Echo\masterchief\venv\Lib\site-packages\transformers\utils\import_utils.py", line 2345, in _get_module
    return importlib.import_module("." + module_name, self.__name__)
           ~~~~~~~~~~~~~~~~~~~~~~~^^^^^^^^^^^^^^^^^^^^^^^^^^^^^^^^^^
  File "C:\Users\Echo\AppData\Local\Python\pythoncore-3.14-64\Lib\importlib\__init__.py", line 88, in import_module
    return _bootstrap._gcd_import(name[level:], package, level)
           ~~~~~~~~~~~~~~~~~~~~~~^^^^^^^^^^^^^^^^^^^^^^^^^^^^^^
  File "C:\Users\Echo\masterchief\venv\Lib\site-packages\transformers\models\auto\modeling_auto.py", line 23, in <module>
    from .auto_factory import (
    ...<4 lines>...
    )
  File "C:\Users\Echo\masterchief\venv\Lib\site-packages\transformers\models\auto\auto_factory.py", line 43, in <module>
    from ...generation import GenerationMixin
  File "<frozen importlib._bootstrap>", line 1423, in _handle_fromlist
  File "C:\Users\Echo\masterchief\venv\Lib\site-packages\transformers\utils\import_utils.py", line 2317, in __getattr__
    module = self._get_module(self._class_to_module[name])
  File "C:\Users\Echo\masterchief\venv\Lib\site-packages\transformers\utils\import_utils.py", line 2347, in _get_module
    raise e
  File "C:\Users\Echo\masterchief\venv\Lib\site-packages\transformers\utils\import_utils.py", line 2345, in _get_module
    return importlib.import_module("." + module_name, self.__name__)
           ~~~~~~~~~~~~~~~~~~~~~~~^^^^^^^^^^^^^^^^^^^^^^^^^^^^^^^^^^
  File "C:\Users\Echo\AppData\Local\Python\pythoncore-3.14-64\Lib\importlib\__init__.py", line 88, in import_module
    return _bootstrap._gcd_import(name[level:], package, level)
           ~~~~~~~~~~~~~~~~~~~~~~^^^^^^^^^^^^^^^^^^^^^^^^^^^^^^
  File "C:\Users\Echo\masterchief\venv\Lib\site-packages\transformers\generation\utils.py", line 55, in <module>
    from .candidate_generator import (
    ...<9 lines>...
    )
  File "C:\Users\Echo\masterchief\venv\Lib\site-packages\transformers\generation\candidate_generator.py", line 29, in <module>
    from sklearn.metrics import roc_curve
  File "C:\Users\Echo\masterchief\venv\Lib\site-packages\sklearn\__init__.py", line 70, in <module>
    from sklearn.base import clone  # noqa: E402
    ^^^^^^^^^^^^^^^^^^^^^^^^^^^^^^
  File "C:\Users\Echo\masterchief\venv\Lib\site-packages\sklearn\base.py", line 19, in <module>
    from sklearn.utils._metadata_requests import _MetadataRequester, _routing_enabled
  File "C:\Users\Echo\masterchief\venv\Lib\site-packages\sklearn\utils\__init__.py", line 9, in <module>
    from sklearn.utils._chunking import gen_batches, gen_even_slices
  File "C:\Users\Echo\masterchief\venv\Lib\site-packages\sklearn\utils\_chunking.py", line 11, in <module>
    from sklearn.utils._param_validation import Interval, validate_params
  File "C:\Users\Echo\masterchief\venv\Lib\site-packages\sklearn\utils\_param_validation.py", line 17, in <module>
    from sklearn.utils.validation import _is_arraylike_not_scalar
  File "C:\Users\Echo\masterchief\venv\Lib\site-packages\sklearn\utils\validation.py", line 14, in <module>
    import joblib
  File "C:\Users\Echo\masterchief\venv\Lib\site-packages\joblib\__init__.py", line 114, in <module>
    from ._cloudpickle_wrapper import wrap_non_picklable_objects
  File "C:\Users\Echo\masterchief\venv\Lib\site-packages\joblib\_cloudpickle_wrapper.py", line 14, in <module>
    from .externals.loky import wrap_non_picklable_objects
  File "C:\Users\Echo\masterchief\venv\Lib\site-packages\joblib\externals\loky\__init__.py", line 20, in <module>
    from .backend.reduction import set_loky_pickler
  File "C:\Users\Echo\masterchief\venv\Lib\site-packages\joblib\externals\loky\backend\reduction.py", line 82, in <module>
    from joblib.externals import cloudpickle  # noqa: F401
    ^^^^^^^^^^^^^^^^^^^^^^^^^^^^^^^^^^^^^^^^
  File "C:\Users\Echo\masterchief\venv\Lib\site-packages\joblib\externals\cloudpickle\__init__.py", line 1, in <module>
    from . import cloudpickle
  File "C:\Users\Echo\masterchief\venv\Lib\site-packages\joblib\externals\cloudpickle\cloudpickle.py", line 98, in <module>
    PYPY = platform.python_implementation() == "PyPy"
           ^^^^^^^^
NameError: name 'platform' is not defined. Did you mean: 'mc_platform'? Or did you forget to import 'platform'?

The above exception was the direct cause of the following exception:

Traceback (most recent call last):
  File "C:\Users\Echo\masterchief\image_worker.py", line 45, in load_pipeline
    from diffusers import StableDiffusionPipeline
  File "<frozen importlib._bootstrap>", line 1423, in _handle_fromlist
  File "C:\Users\Echo\masterchief\venv\Lib\site-packages\diffusers\utils\import_utils.py", line 1007, in __getattr__
    value = getattr(module, name)
  File "C:\Users\Echo\masterchief\venv\Lib\site-packages\diffusers\utils\import_utils.py", line 1007, in __getattr__
    value = getattr(module, name)
  File "C:\Users\Echo\masterchief\venv\Lib\site-packages\diffusers\utils\import_utils.py", line 1006, in __getattr__
    module = self._get_module(self._class_to_module[name])
  File "C:\Users\Echo\masterchief\venv\Lib\site-packages\diffusers\utils\import_utils.py", line 1018, in _get_module
    raise RuntimeError(
    ...<2 lines>...
    ) from e
RuntimeError: Failed to import diffusers.pipelines.stable_diffusion.pipeline_stable_diffusion because of the following error (look up to see its traceback):
name 'platform' is not defined

--- Sat May 30 06:59:00 2026 ---
Traceback (most recent call last):
  File "C:\Users\Echo\masterchief\image_worker.py", line 59, in load_pipeline
    import torch
ModuleNotFoundError: No module named 'torch'

--- Sat May 30 07:01:46 2026 ---
Traceback (most recent call last):
  File "C:\users\Echo\masterchief\image_worker.py", line 59, in load_pipeline
    import torch
ModuleNotFoundError: No module named 'torch'

